// Jest Snapshot v1, https://goo.gl/fbAQLP

exports[`renders the home component correctly 1`] = `
<div>
  <img
    alt="Crock Pot Roast"
    class="image"
    src="http://img.sndimg.com/food/image/upload/w_266/v1/img/recipes/27/20/8/picVfzLZo.jpg"
  />
</div>
`;
